13:36:55 **** Incremental Build of configuration Debug for project FW_Feinstaubmessung ****
make -j8 all 
arm-none-eabi-gcc "../Core/Src/main.c" -mcpu=cortex-m4 -std=gnu11 -g3 -DCFG_sx1276_radio -DUSE_HAL_DRIVER -DCFG_eu868 -DSTM32L476xx -DDEBUG -c -I../Drivers/CMSIS/Include -I../Core/Inc -I../Drivers/CMSIS/Device/ST/STM32L4xx/Include -I../Drivers/STM32L4xx_HAL_Driver/Inc -I../Drivers/STM32L4xx_HAL_Driver/Inc/Legacy -O0 -ffunction-sections -fdata-sections -Wall -fstack-usage -MMD -MP -MF"Core/Src/main.d" -MT"Core/Src/main.o" --specs=nano.specs -mfpu=fpv4-sp-d16 -mfloat-abi=hard -mthumb -o "Core/Src/main.o"
arm-none-eabi-gcc -o "FW_Feinstaubmessung.elf" @"objects.list"   -mcpu=cortex-m4 -T"C:\Users\andre\Google Drive\Academic\Fachhochshule Muenster\Master\3\Embedded Systems\GIT\Firmware\FW_Feinstaubmessung\STM32L476RGTX_FLASH.ld" --specs=nosys.specs -Wl,-Map="FW_Feinstaubmessung.map" -Wl,--gc-sections -static --specs=nano.specs -mfpu=fpv4-sp-d16 -mfloat-abi=hard -mthumb -Wl,--start-group -lc -lm -Wl,--end-group
Finished building target: FW_Feinstaubmessung.elf
 
arm-none-eabi-objdump -h -S  FW_Feinstaubmessung.elf  > "FW_Feinstaubmessung.list"
arm-none-eabi-objcopy  -O binary  FW_Feinstaubmessung.elf  "FW_Feinstaubmessung.bin"
arm-none-eabi-size   FW_Feinstaubmessung.elf 
   text	   data	    bss	    dec	    hex	filename
  52704	     92	   2660	  55456	   d8a0	FW_Feinstaubmessung.elf
Finished building: default.size.stdout
 
Finished building: FW_Feinstaubmessung.bin
 
Finished building: FW_Feinstaubmessung.list
 
