16:26:49 **** Incremental Build of configuration Debug for project Test_Honeywell_sensor ****
make -j8 all 
arm-none-eabi-gcc "../Core/Src/main.c" -mcpu=cortex-m4 -std=gnu11 -g3 -DUSE_HAL_DRIVER -DSTM32L476xx -DDEBUG -c -I../Drivers/CMSIS/Include -I../Core/Inc -I../Drivers/CMSIS/Device/ST/STM32L4xx/Include -I../Drivers/STM32L4xx_HAL_Driver/Inc -I../Drivers/STM32L4xx_HAL_Driver/Inc/Legacy -O0 -ffunction-sections -fdata-sections -Wall -fstack-usage -MMD -MP -MF"Core/Src/main.d" -MT"Core/Src/main.o" --specs=nano.specs -mfpu=fpv4-sp-d16 -mfloat-abi=hard -mthumb -o "Core/Src/main.o"
arm-none-eabi-gcc -o "Test_Honeywell_sensor.elf" @"objects.list"   -mcpu=cortex-m4 -T"C:\Users\andre\Google Drive\Academic\Fachhochshule Muenster\Master\3\Embedded Systems\Feinstaubmessung Project\Firmware\Test_Honeywell_sensor\STM32L476RGTX_FLASH.ld" --specs=nosys.specs -Wl,-Map="Test_Honeywell_sensor.map" -Wl,--gc-sections -static --specs=nano.specs -mfpu=fpv4-sp-d16 -mfloat-abi=hard -mthumb -Wl,--start-group -lc -lm -Wl,--end-group
Finished building target: Test_Honeywell_sensor.elf
 
arm-none-eabi-objdump -h -S  Test_Honeywell_sensor.elf  > "Test_Honeywell_sensor.list"
arm-none-eabi-objcopy  -O binary  Test_Honeywell_sensor.elf  "Test_Honeywell_sensor.bin"
arm-none-eabi-size   Test_Honeywell_sensor.elf 
   text	   data	    bss	    dec	    hex	filename
  18556	     20	   1828	  20404	   4fb4	Test_Honeywell_sensor.elf
Finished building: default.size.stdout
 
Finished building: Test_Honeywell_sensor.bin
 
Finished building: Test_Honeywell_sensor.list
 

16:26:51 Build Finished. 0 errors, 0 warnings. (took 2s.544ms)

